// Jest Snapshot v1, https://goo.gl/fbAQLP

exports[`<ModalLogin /> should render modal-login correctly 1`] = `
<div class="flex justify-between">
  <h1 class="text-xl sm:text-4xl font-black text-gray-800"> Entre na sua conta </h1><button class="text-4xl text-gray-600 focus:outline-none" data-test="close-button"> × </button>
</div>
<div class="mt-16">
  <form data-test="login-form"><label class="block"><span class="text-lg font-medium text-gray-800">E-mail</span><input type="email" class="block w-full px-4 py-3 mt-1 text-lg bg-gray-100 border-2 border-transparent rounded" placeholder="jane.doe@gmail.com" data-test="email-input">
      <!--v-if-->
    </label><label class="block mt-5"><span class="text-lg font-medium text-gray-800">Senha</span><input type="password" class="block w-full px-4 py-3 mt-1 text-lg bg-gray-100 border-2 border-transparent rounded" placeholder="******" data-test="password-input">
      <!--v-if-->
    </label><button type="submit" class="px-8 py-3 mt-10 text-2xl font-bold text-white rounded-full bg-brand-main focus:outline-none transition-all duration-150" data-test="login-submit-button"><span>Entrar</span></button></form>
</div>
`;

exports[`<ModalLogin /> should show error with invalid email 1`] = `
<div class="flex justify-between">
  <h1 class="text-xl sm:text-4xl font-black text-gray-800"> Entre na sua conta </h1><button class="text-4xl text-gray-600 focus:outline-none" data-test="close-button"> × </button>
</div>
<div class="mt-16">
  <form data-test="login-form"><label class="block"><span class="text-lg font-medium text-gray-800">E-mail</span><input type="email" class="border-brand-danger block w-full px-4 py-3 mt-1 text-lg bg-gray-100 border-2 border-transparent rounded" placeholder="jane.doe@gmail.com" data-test="email-input"><span class="block font-medium text-brand-danger" data-test="email-error-message">*Este campo precisa ser um e-mail válido</span></label><label class="block mt-5"><span class="text-lg font-medium text-gray-800">Senha</span><input type="password" class="block w-full px-4 py-3 mt-1 text-lg bg-gray-100 border-2 border-transparent rounded" placeholder="******" data-test="password-input">
      <!--v-if-->
    </label><button type="submit" class="px-8 py-3 mt-10 text-2xl font-bold text-white rounded-full bg-brand-main focus:outline-none transition-all duration-150" data-test="login-submit-button"><span>Entrar</span></button></form>
</div>
`;

exports[`<ModalLogin /> should show error with invalid password 1`] = `
<div class="flex justify-between">
  <h1 class="text-xl sm:text-4xl font-black text-gray-800"> Entre na sua conta </h1><button class="text-4xl text-gray-600 focus:outline-none" data-test="close-button"> × </button>
</div>
<div class="mt-16">
  <form data-test="login-form"><label class="block"><span class="text-lg font-medium text-gray-800">E-mail</span><input type="email" class="block w-full px-4 py-3 mt-1 text-lg bg-gray-100 border-2 border-transparent rounded" placeholder="jane.doe@gmail.com" data-test="email-input">
      <!--v-if-->
    </label><label class="block mt-5"><span class="text-lg font-medium text-gray-800">Senha</span><input type="password" class="border-brand-danger block w-full px-4 py-3 mt-1 text-lg bg-gray-100 border-2 border-transparent rounded" placeholder="******" data-test="password-input"><span class="block font-medium text-brand-danger" data-test="password-error-message">*No mínimo 3 caracteres</span></label><button type="submit" class="px-8 py-3 mt-10 text-2xl font-bold text-white rounded-full bg-brand-main focus:outline-none transition-all duration-150" data-test="login-submit-button"><span>Entrar</span></button></form>
</div>
`;

exports[`<ModalLogin /> should show loading icon when button is clicked 1`] = `
<button type="submit" class="opacity-50 px-8 py-3 mt-10 text-2xl font-bold text-white rounded-full bg-brand-main focus:outline-none transition-all duration-150" data-test="login-submit-button" disabled="">
  <icon-stub name="loading" class="animate-spin" data-test="submit-loading-icon"></icon-stub>
</button>
`;
