// Jest Snapshot v1, https://goo.gl/fbAQLP

exports[`<HeaderLogged /> should render header-logged correctly 1`] = `
<div class="flex items-center justify-between w-4/5 max-w-6xl py-10">
  <div class="hidden sm:block w-24 lg:w-36"><img class="w-full" src="" alt="logo"></div>
  <div class="flex">
    <ul class="flex flex-wrap justify-center items-center list-none">
      <li class="px-4 md:px-6 py-2 mr-2 font-bold text-white
          rounded-full cursor-pointer focus:outline-none"> Credenciais </li>
      <li class="px-4 md:px-6 py-2 mr-2 font-bold text-white
          rounded-full cursor-pointer focus:outline-none"> Feedbacks </li>
      <li class="mt-2 px-6 py-2 text-sm md:text-base font-bold bg-white text-brand-main
          rounded-full cursor-pointer focus:outline-none" data-test="logout-button">...</li>
    </ul>
  </div>
</div>
`;
